******************************************************************************
                  TI ARM Linker PC v20.2.7                     
******************************************************************************
>> Linked Thu Aug  1 18:16:17 2024

OUTPUT FILE NAME:   <ARM_Final_Project_Test2.out>
ENTRY POINT SYMBOL: "_c_int00_noargs"  address: 00001781


MEMORY CONFIGURATION

         name            origin    length      used     unused   attr    fill
----------------------  --------  ---------  --------  --------  ----  --------
  FLASH                 00000000   00040000  00001ddc  0003e224  R  X
  SRAM                  20000000   00008000  000005c0  00007a40  RW X


SEGMENT ALLOCATION MAP

run origin  load origin   length   init length attrs members
----------  ----------- ---------- ----------- ----- -------
00000000    00000000    00001de0   00001de0    r-x
  00000000    00000000    0000026c   0000026c    r-- .intvecs
  0000026c    0000026c    00001710   00001710    r-x .text
  0000197c    0000197c    000003d0   000003d0    r-- .const
  00001d50    00001d50    00000090   00000090    r-- .cinit
20000000    20000000    000005c0   00000000    rw-
  20000000    20000000    00000200   00000000    rw- .stack
  20000200    20000200    000001e8   00000000    rw- .data
  200003e8    200003e8    000001c8   00000000    rw- .bss
  200005b0    200005b0    00000010   00000000    rw- .sysmem


SECTION ALLOCATION MAP

 output                                  attributes/
section   page    origin      length       input sections
--------  ----  ----------  ----------   ----------------
.intvecs   0    00000000    0000026c     
                  00000000    0000026c     tm4c123gh6pm_startup_ccs.obj (.intvecs)

.text      0    0000026c    00001710     
                  0000026c    0000050c     ARM_Final_Project_Test2.obj (.text)
                  00000778    00000364     NVIC.obj (.text)
                  00000adc    00000114     rtsv7M4_T_le_v4SPD16_eabi.lib : fputs.c.obj (.text:fputs)
                  00000bf0    00000100                                   : memory.c.obj (.text:aligned_alloc)
                  00000cf0    000000e8     SysTick.obj (.text)
                  00000dd8    000000e4     rtsv7M4_T_le_v4SPD16_eabi.lib : memory.c.obj (.text:free)
                  00000ebc    000000dc                                   : setvbuf.c.obj (.text:setvbuf)
                  00000f98    0000009c                                   : memcpy_t2.asm.obj (.text)
                  00001034    0000007c                                   : fflush.c.obj (.text:fflush)
                  000010b0    00000074                                   : fclose.c.obj (.text:__TI_closefile)
                  00001124    00000070                                   : memory.c.obj (.text:split)
                  00001194    0000006c                                   : hostrename.c.obj (.text:HOSTrename)
                  00001200    00000068                                   : hostlseek.c.obj (.text:HOSTlseek)
                  00001268    00000068                                   : copy_decompress_lzss.c.obj (.text:decompress:lzss:__TI_decompress_lzss)
                  000012d0    00000064                                   : fseek.c.obj (.text:fseek)
                  00001334    00000062                                   : _io_perm.c.obj (.text:__TI_wrt_ok)
                  00001396    00000002                                   : _lock.c.obj (.text:_nop)
                  00001398    00000060                                   : hostopen.c.obj (.text:HOSTopen)
                  000013f8    0000005c                                   : close.c.obj (.text:close)
                  00001454    00000058                                   : hostread.c.obj (.text:HOSTread)
                  000014ac    00000058                                   : hostwrite.c.obj (.text:HOSTwrite)
                  00001504    0000004c                                   : fflush.c.obj (.text:__TI_doflush)
                  00001550    00000048                                   : exit.c.obj (.text:exit)
                  00001598    00000044                                   : hostclose.c.obj (.text:HOSTclose)
                  000015dc    00000044                                   : hostunlink.c.obj (.text:HOSTunlink)
                  00001620    00000044                                   : autoinit.c.obj (.text:__TI_auto_init_nobinit_nopinit:__TI_auto_init_nobinit_nopinit)
                  00001664    00000044                                   : getdevice.c.obj (.text:getdevice)
                  000016a8    00000038                                   : trgmsg.c.obj (.text:__TI_writemsg)
                  000016e0    00000036                                   : strncpy.c.obj (.text:strncpy)
                  00001716    00000002     --HOLE-- [fill = 0]
                  00001718    00000034                                   : fopen.c.obj (.text:__TI_cleanup)
                  0000174c    00000034                                   : trgmsg.c.obj (.text:__TI_readmsg)
                  00001780    00000034                                   : boot_cortex_m.c.obj (.text:_c_int00_noargs:_c_int00_noargs)
                  000017b4    00000030                                   : getdevice.c.obj (.text:finddevice)
                  000017e4    0000002c                                   : unlink.c.obj (.text:unlink)
                  00001810    00000028                                   : memory.c.obj (.text:free_list_insert)
                  00001838    00000028                                   : lseek.c.obj (.text:lseek)
                  00001860    00000028                                   : write.c.obj (.text:write)
                  00001888    00000020                                   : memchr.c.obj (.text:memchr)
                  000018a8    0000001c                                   : assert.c.obj (.text:_abort_msg)
                  000018c4    0000001c                                   : copy_zero_init.c.obj (.text:decompress:ZI:__TI_zero_init_nomemset:__TI_zero_init_nomemset)
                  000018e0    0000001c                                   : memory.c.obj (.text:free_list_remove)
                  000018fc    00000018                                   : strcmp.c.obj (.text:strcmp)
                  00001914    00000016                                   : strchr.c.obj (.text:strchr)
                  0000192a    00000014                                   : strcpy.c.obj (.text:strcpy)
                  0000193e    00000014                                   : strlen.c.obj (.text:strlen)
                  00001952    0000000e                                   : copy_decompress_none.c.obj (.text:decompress:none:__TI_decompress_none)
                  00001960    0000000c     tm4c123gh6pm_startup_ccs.obj (.text)
                  0000196c    00000008     rtsv7M4_T_le_v4SPD16_eabi.lib : memory.c.obj (.text:malloc)
                  00001974    00000004                                   : pre_init.c.obj (.text:_system_pre_init)
                  00001978    00000004                                   : exit.c.obj (.text:abort:abort)

.const     0    0000197c    000003d0     
                  0000197c    000003d0     ARM_Final_Project_Test2.obj (.const:.string)

.cinit     0    00001d50    00000090     
                  00001d50    00000066     (.cinit..data.load) [load image, compression = lzss]
                  00001db6    00000002     --HOLE-- [fill = 0]
                  00001db8    0000000c     (__TI_handler_table)
                  00001dc4    00000004     --HOLE-- [fill = 0]
                  00001dc8    00000008     (.cinit..bss.load) [load image, compression = zero_init]
                  00001dd0    00000010     (__TI_cinit_table)

.init_array 
*          0    00000000    00000000     UNINITIALIZED

.stack     0    20000000    00000200     UNINITIALIZED
                  20000000    00000004     rtsv7M4_T_le_v4SPD16_eabi.lib : boot_cortex_m.c.obj (.stack)
                  20000004    000001fc     --HOLE--

.data      0    20000200    000001e8     UNINITIALIZED
                  20000200    000000f0     rtsv7M4_T_le_v4SPD16_eabi.lib : defs.c.obj (.data:_ftable)
                  200002f0    00000078                                   : host_device.c.obj (.data:_device)
                  20000368    00000050                                   : host_device.c.obj (.data:_stream)
                  200003b8    00000010                                   : defs.c.obj (.data)
                  200003c8    0000000c                                   : exit.c.obj (.data:$O1$$)
                  200003d4    00000008                                   : _lock.c.obj (.data:$O1$$)
                  200003dc    00000008                                   : memory.c.obj (.data:$O1$$)
                  200003e4    00000004     SysTick.obj (.data)

.bss       0    200003e8    000001c8     UNINITIALIZED
                  200003e8    00000120     rtsv7M4_T_le_v4SPD16_eabi.lib : trgmsg.c.obj (.bss:_CIOBUF_)
                  20000508    000000a0     (.common:__TI_tmpnams)
                  200005a8    00000008     (.common:parmbuf)

.sysmem    0    200005b0    00000010     UNINITIALIZED
                  200005b0    00000010     rtsv7M4_T_le_v4SPD16_eabi.lib : memory.c.obj (.sysmem)

__llvm_prf_cnts 
*          0    20000000    00000000     UNINITIALIZED

MODULE SUMMARY

       Module                         code   ro data   rw data
       ------                         ----   -------   -------
    .\
       ARM_Final_Project_Test2.obj    1292   976       0      
       NVIC.obj                       868    0         0      
       tm4c123gh6pm_startup_ccs.obj   12     620       0      
       SysTick.obj                    232    0         4      
    +--+------------------------------+------+---------+---------+
       Total:                         2404   1596      4      
                                                              
    C:\ti\ccs1271\ccs\tools\compiler\ti-cgt-arm_20.2.7.LTS\lib\rtsv7M4_T_le_v4SPD16_eabi.lib
       memory.c.obj                   672    0         8      
       defs.c.obj                     0      0         416    
       trgmsg.c.obj                   108    0         288    
       fputs.c.obj                    276    0         0      
       setvbuf.c.obj                  220    0         0      
       fflush.c.obj                   200    0         0      
       host_device.c.obj              0      0         200    
       memcpy_t2.asm.obj              156    0         0      
       fclose.c.obj                   116    0         0      
       getdevice.c.obj                116    0         0      
       hostrename.c.obj               108    0         0      
       copy_decompress_lzss.c.obj     104    0         0      
       hostlseek.c.obj                104    0         0      
       hostopen.c.obj                 96     0         8      
       fseek.c.obj                    100    0         0      
       _io_perm.c.obj                 98     0         0      
       close.c.obj                    92     0         0      
       exit.c.obj                     76     0         12     
       hostread.c.obj                 88     0         0      
       hostwrite.c.obj                88     0         0      
       autoinit.c.obj                 68     0         0      
       hostclose.c.obj                68     0         0      
       hostunlink.c.obj               68     0         0      
       strncpy.c.obj                  54     0         0      
       boot_cortex_m.c.obj            52     0         0      
       fopen.c.obj                    52     0         0      
       unlink.c.obj                   44     0         0      
       lseek.c.obj                    40     0         0      
       write.c.obj                    40     0         0      
       memchr.c.obj                   32     0         0      
       assert.c.obj                   28     0         0      
       copy_zero_init.c.obj           28     0         0      
       strcmp.c.obj                   24     0         0      
       strchr.c.obj                   22     0         0      
       strcpy.c.obj                   20     0         0      
       strlen.c.obj                   20     0         0      
       copy_decompress_none.c.obj     14     0         0      
       _lock.c.obj                    2      0         8      
       pre_init.c.obj                 4      0         0      
    +--+------------------------------+------+---------+---------+
       Total:                         3498   0         940    
                                                              
       Heap:                          0      0         16     
       Stack:                         0      0         512    
       Linker Generated:              0      138       0      
    +--+------------------------------+------+---------+---------+
       Grand Total:                   5902   1734      1472   


LINKER GENERATED COPY TABLES

__TI_cinit_table @ 00001dd0 records: 2, size/record: 8, table size: 16
	.data: load addr=00001d50, load size=00000066 bytes, run addr=20000200, run size=000001e8 bytes, compression=lzss
	.bss: load addr=00001dc8, load size=00000008 bytes, run addr=200003e8, run size=000001c8 bytes, compression=zero_init


LINKER GENERATED HANDLER TABLE

__TI_handler_table @ 00001db8 records: 3, size/record: 4, table size: 12
	index: 0, handler: __TI_decompress_lzss
	index: 1, handler: __TI_decompress_none
	index: 2, handler: __TI_zero_init


GLOBAL SYMBOLS: SORTED ALPHABETICALLY BY Name 

address   name                           
-------   ----                           
00001979  C$$EXIT                        
000016d7  C$$IO$$                        
00001599  HOSTclose                      
00001201  HOSTlseek                      
00001399  HOSTopen                       
00001455  HOSTread                       
00001195  HOSTrename                     
000015dd  HOSTunlink                     
000014ad  HOSTwrite                      
0000026d  Leds_Init                      
00000997  NVIC_DisableException          
0000080d  NVIC_DisableIRQ                
00000953  NVIC_EnableException           
00000779  NVIC_EnableIRQ                 
000009db  NVIC_SetPriorityException      
000008a1  NVIC_SetPriorityIRQ            
00001961  ResetISR                       
00000daf  SysTick_DeInit                 
00000d71  SysTick_Handler                
00000cf1  SysTick_Init                   
00000d87  SysTick_SetCallBack            
00000da3  SysTick_Start                  
00000d2d  SysTick_StartBusyWait          
00000d97  SysTick_Stop                   
000002c5  Test_Exceptions_Settings       
200003e8  __CIOBUF_                      
20000200  __STACK_END                    
00000200  __STACK_SIZE                   
20000200  __STACK_TOP                    
00000010  __SYSMEM_SIZE                  
00001dd0  __TI_CINIT_Base                
00001de0  __TI_CINIT_Limit               
00001db8  __TI_Handler_Table_Base        
00001dc4  __TI_Handler_Table_Limit       
00001621  __TI_auto_init_nobinit_nopinit 
00001719  __TI_cleanup                   
200003c8  __TI_cleanup_ptr               
000010b1  __TI_closefile                 
00001269  __TI_decompress_lzss           
00001953  __TI_decompress_none           
00001505  __TI_doflush                   
200003cc  __TI_dtors_ptr                 
200003d0  __TI_enable_exit_profile_output
200003b8  __TI_ft_end                    
ffffffff  __TI_pprof_out_hndl            
ffffffff  __TI_prof_data_size            
ffffffff  __TI_prof_data_start           
0000174d  __TI_readmsg                   
00000000  __TI_static_base__             
20000508  __TI_tmpnams                   
000016a9  __TI_writemsg                  
00001335  __TI_wrt_ok                    
000018c5  __TI_zero_init_nomemset        
00000f99  __aeabi_memcpy                 
00000f99  __aeabi_memcpy4                
00000f99  __aeabi_memcpy8                
200003c4  __aeabi_stderr                 
200003bc  __aeabi_stdin                  
200003c0  __aeabi_stdout                 
ffffffff  __binit__                      
ffffffff  __c_args__                     
UNDEFED   __mpu_init                     
20000000  __stack                        
20000000  __start___llvm_prf_cnts        
20000000  __stop___llvm_prf_cnts         
000018a9  _abort_msg                     
00001781  _c_int00_noargs                
200002f0  _device                        
20000200  _ftable                        
200003d4  _lock                          
00001397  _nop                           
20000368  _stream                        
200005b0  _sys_memory                    
UNDEFED   _system_post_cinit             
00001975  _system_pre_init               
200003d8  _unlock                        
00001979  abort                          
00000bf1  aligned_alloc                  
ffffffff  binit                          
000013f9  close                          
00001551  exit                           
00001035  fflush                         
000017b5  finddevice                     
00000add  fputs                          
00000dd9  free                           
000012d1  fseek                          
00000000  g_pfnVectors                   
00001665  getdevice                      
00001839  lseek                          
00000703  main                           
0000196d  malloc                         
00000bf1  memalign                       
00001889  memchr                         
00000f99  memcpy                         
200005a8  parmbuf                        
000017e5  remove                         
00000ebd  setvbuf                        
00001915  strchr                         
000018fd  strcmp                         
0000192b  strcpy                         
0000193f  strlen                         
000016e1  strncpy                        
000017e5  unlink                         
00001861  write                          


GLOBAL SYMBOLS: SORTED BY Symbol Address 

address   name                           
-------   ----                           
00000000  __TI_static_base__             
00000000  g_pfnVectors                   
00000010  __SYSMEM_SIZE                  
00000200  __STACK_SIZE                   
0000026d  Leds_Init                      
000002c5  Test_Exceptions_Settings       
00000703  main                           
00000779  NVIC_EnableIRQ                 
0000080d  NVIC_DisableIRQ                
000008a1  NVIC_SetPriorityIRQ            
00000953  NVIC_EnableException           
00000997  NVIC_DisableException          
000009db  NVIC_SetPriorityException      
00000add  fputs                          
00000bf1  aligned_alloc                  
00000bf1  memalign                       
00000cf1  SysTick_Init                   
00000d2d  SysTick_StartBusyWait          
00000d71  SysTick_Handler                
00000d87  SysTick_SetCallBack            
00000d97  SysTick_Stop                   
00000da3  SysTick_Start                  
00000daf  SysTick_DeInit                 
00000dd9  free                           
00000ebd  setvbuf                        
00000f99  __aeabi_memcpy                 
00000f99  __aeabi_memcpy4                
00000f99  __aeabi_memcpy8                
00000f99  memcpy                         
00001035  fflush                         
000010b1  __TI_closefile                 
00001195  HOSTrename                     
00001201  HOSTlseek                      
00001269  __TI_decompress_lzss           
000012d1  fseek                          
00001335  __TI_wrt_ok                    
00001397  _nop                           
00001399  HOSTopen                       
000013f9  close                          
00001455  HOSTread                       
000014ad  HOSTwrite                      
00001505  __TI_doflush                   
00001551  exit                           
00001599  HOSTclose                      
000015dd  HOSTunlink                     
00001621  __TI_auto_init_nobinit_nopinit 
00001665  getdevice                      
000016a9  __TI_writemsg                  
000016d7  C$$IO$$                        
000016e1  strncpy                        
00001719  __TI_cleanup                   
0000174d  __TI_readmsg                   
00001781  _c_int00_noargs                
000017b5  finddevice                     
000017e5  remove                         
000017e5  unlink                         
00001839  lseek                          
00001861  write                          
00001889  memchr                         
000018a9  _abort_msg                     
000018c5  __TI_zero_init_nomemset        
000018fd  strcmp                         
00001915  strchr                         
0000192b  strcpy                         
0000193f  strlen                         
00001953  __TI_decompress_none           
00001961  ResetISR                       
0000196d  malloc                         
00001975  _system_pre_init               
00001979  C$$EXIT                        
00001979  abort                          
00001db8  __TI_Handler_Table_Base        
00001dc4  __TI_Handler_Table_Limit       
00001dd0  __TI_CINIT_Base                
00001de0  __TI_CINIT_Limit               
20000000  __stack                        
20000000  __start___llvm_prf_cnts        
20000000  __stop___llvm_prf_cnts         
20000200  __STACK_END                    
20000200  __STACK_TOP                    
20000200  _ftable                        
200002f0  _device                        
20000368  _stream                        
200003b8  __TI_ft_end                    
200003bc  __aeabi_stdin                  
200003c0  __aeabi_stdout                 
200003c4  __aeabi_stderr                 
200003c8  __TI_cleanup_ptr               
200003cc  __TI_dtors_ptr                 
200003d0  __TI_enable_exit_profile_output
200003d4  _lock                          
200003d8  _unlock                        
200003e8  __CIOBUF_                      
20000508  __TI_tmpnams                   
200005a8  parmbuf                        
200005b0  _sys_memory                    
ffffffff  __TI_pprof_out_hndl            
ffffffff  __TI_prof_data_size            
ffffffff  __TI_prof_data_start           
ffffffff  __binit__                      
ffffffff  __c_args__                     
ffffffff  binit                          
UNDEFED   __mpu_init                     
UNDEFED   _system_post_cinit             

[104 symbols]
