******************************************************************************
                  TI ARM Linker PC v20.2.7                     
******************************************************************************
>> Linked Thu Aug  1 17:54:30 2024

OUTPUT FILE NAME:   <ARM_Final_Project_Test1.out>
ENTRY POINT SYMBOL: "_c_int00_noargs"  address: 00000a21


MEMORY CONFIGURATION

         name            origin    length      used     unused   attr    fill
----------------------  --------  ---------  --------  --------  ----  --------
  FLASH                 00000000   00040000  00000aa6  0003f55a  R  X
  SRAM                  20000000   00008000  00000205  00007dfb  RW X


SEGMENT ALLOCATION MAP

run origin  load origin   length   init length attrs members
----------  ----------- ---------- ----------- ----- -------
00000000    00000000    00000aa8   00000aa8    r-x
  00000000    00000000    0000026c   0000026c    r-- .intvecs
  0000026c    0000026c    00000822   00000822    r-x .text
  00000a90    00000a90    00000018   00000018    r-- .cinit
20000000    20000000    00000205   00000000    rw-
  20000000    20000000    00000200   00000000    rw- .stack
  20000200    20000200    00000005   00000000    rw- .data


SECTION ALLOCATION MAP

 output                                  attributes/
section   page    origin      length       input sections
--------  ----  ----------  ----------   ----------------
.intvecs   0    00000000    0000026c     
                  00000000    0000026c     tm4c123gh6pm_startup_ccs.obj (.intvecs)

.text      0    0000026c    00000822     
                  0000026c    00000368     NVIC.obj (.text)
                  000005d4    0000021c     ARM_Final_Project_Test1.obj (.text)
                  000007f0    000000e8     SysTick.obj (.text)
                  000008d8    0000009c     rtsv7M4_T_le_v4SPD16_eabi.lib : memcpy_t2.asm.obj (.text)
                  00000974    00000068                                   : copy_decompress_lzss.c.obj (.text:decompress:lzss:__TI_decompress_lzss)
                  000009dc    00000044                                   : autoinit.c.obj (.text:__TI_auto_init_nobinit_nopinit:__TI_auto_init_nobinit_nopinit)
                  00000a20    00000034                                   : boot_cortex_m.c.obj (.text:_c_int00_noargs:_c_int00_noargs)
                  00000a54    00000018                                   : ll_mul_t2.asm.obj (.text)
                  00000a6c    0000000e                                   : copy_decompress_none.c.obj (.text:decompress:none:__TI_decompress_none)
                  00000a7a    0000000c     tm4c123gh6pm_startup_ccs.obj (.text)
                  00000a86    00000004     rtsv7M4_T_le_v4SPD16_eabi.lib : pre_init.c.obj (.text:_system_pre_init)
                  00000a8a    00000004                                   : exit.c.obj (.text:abort:abort)

.cinit     0    00000a90    00000018     
                  00000a90    00000008     (__TI_handler_table)
                  00000a98    00000007     (.cinit..data.load) [load image, compression = lzss]
                  00000a9f    00000001     --HOLE-- [fill = 0]
                  00000aa0    00000008     (__TI_cinit_table)

.init_array 
*          0    00000000    00000000     UNINITIALIZED

.data      0    20000200    00000005     UNINITIALIZED
                  20000200    00000004     SysTick.obj (.data)
                  20000204    00000001     ARM_Final_Project_Test1.obj (.data)

.stack     0    20000000    00000200     UNINITIALIZED
                  20000000    00000004     rtsv7M4_T_le_v4SPD16_eabi.lib : boot_cortex_m.c.obj (.stack)
                  20000004    000001fc     --HOLE--

__llvm_prf_cnts 
*          0    20000000    00000000     UNINITIALIZED

MODULE SUMMARY

       Module                         code   ro data   rw data
       ------                         ----   -------   -------
    .\
       NVIC.obj                       872    0         0      
       tm4c123gh6pm_startup_ccs.obj   12     620       0      
       ARM_Final_Project_Test1.obj    540    0         1      
       SysTick.obj                    232    0         4      
    +--+------------------------------+------+---------+---------+
       Total:                         1656   620       5      
                                                              
    C:\ti\ccs1271\ccs\tools\compiler\ti-cgt-arm_20.2.7.LTS\lib\rtsv7M4_T_le_v4SPD16_eabi.lib
       memcpy_t2.asm.obj              156    0         0      
       copy_decompress_lzss.c.obj     104    0         0      
       autoinit.c.obj                 68     0         0      
       boot_cortex_m.c.obj            52     0         0      
       ll_mul_t2.asm.obj              24     0         0      
       copy_decompress_none.c.obj     14     0         0      
       exit.c.obj                     4      0         0      
       pre_init.c.obj                 4      0         0      
    +--+------------------------------+------+---------+---------+
       Total:                         426    0         0      
                                                              
       Stack:                         0      0         512    
       Linker Generated:              0      23        0      
    +--+------------------------------+------+---------+---------+
       Grand Total:                   2082   643       517    


LINKER GENERATED COPY TABLES

__TI_cinit_table @ 00000aa0 records: 1, size/record: 8, table size: 8
	.data: load addr=00000a98, load size=00000007 bytes, run addr=20000200, run size=00000005 bytes, compression=lzss


LINKER GENERATED HANDLER TABLE

__TI_handler_table @ 00000a90 records: 2, size/record: 4, table size: 8
	index: 0, handler: __TI_decompress_lzss
	index: 1, handler: __TI_decompress_none


GLOBAL SYMBOLS: SORTED ALPHABETICALLY BY Name 

address   name                          
-------   ----                          
00000a8b  C$$EXIT                       
000005d5  Delay_MS                      
00000615  GPIOPortF_Handler             
000006d5  Leds_Init                     
0000048d  NVIC_DisableException         
00000301  NVIC_DisableIRQ               
00000449  NVIC_EnableException          
0000026d  NVIC_EnableIRQ                
000004d1  NVIC_SetPriorityException     
00000395  NVIC_SetPriorityIRQ           
00000a7b  ResetISR                      
00000645  SW2_Init                      
00000713  SysTick_CallBackFunc          
000008af  SysTick_DeInit                
00000871  SysTick_Handler               
000007f1  SysTick_Init                  
00000887  SysTick_SetCallBack           
000008a3  SysTick_Start                 
0000082d  SysTick_StartBusyWait         
00000897  SysTick_Stop                  
20000200  __STACK_END                   
00000200  __STACK_SIZE                  
20000200  __STACK_TOP                   
00000aa0  __TI_CINIT_Base               
00000aa8  __TI_CINIT_Limit              
00000a90  __TI_Handler_Table_Base       
00000a98  __TI_Handler_Table_Limit      
000009dd  __TI_auto_init_nobinit_nopinit
00000975  __TI_decompress_lzss          
00000a6d  __TI_decompress_none          
ffffffff  __TI_pprof_out_hndl           
ffffffff  __TI_prof_data_size           
ffffffff  __TI_prof_data_start          
00000000  __TI_static_base__            
00000a55  __aeabi_lmul                  
000008d9  __aeabi_memcpy                
000008d9  __aeabi_memcpy4               
000008d9  __aeabi_memcpy8               
ffffffff  __binit__                     
ffffffff  __c_args__                    
UNDEFED   __mpu_init                    
20000000  __stack                       
20000000  __start___llvm_prf_cnts       
20000000  __stop___llvm_prf_cnts        
00000a21  _c_int00_noargs               
UNDEFED   _system_post_cinit            
00000a87  _system_pre_init              
00000a8b  abort                         
ffffffff  binit                         
20000204  g_Counter                     
00000000  g_pfnVectors                  
0000076d  main                          
000008d9  memcpy                        


GLOBAL SYMBOLS: SORTED BY Symbol Address 

address   name                          
-------   ----                          
00000000  __TI_static_base__            
00000000  g_pfnVectors                  
00000200  __STACK_SIZE                  
0000026d  NVIC_EnableIRQ                
00000301  NVIC_DisableIRQ               
00000395  NVIC_SetPriorityIRQ           
00000449  NVIC_EnableException          
0000048d  NVIC_DisableException         
000004d1  NVIC_SetPriorityException     
000005d5  Delay_MS                      
00000615  GPIOPortF_Handler             
00000645  SW2_Init                      
000006d5  Leds_Init                     
00000713  SysTick_CallBackFunc          
0000076d  main                          
000007f1  SysTick_Init                  
0000082d  SysTick_StartBusyWait         
00000871  SysTick_Handler               
00000887  SysTick_SetCallBack           
00000897  SysTick_Stop                  
000008a3  SysTick_Start                 
000008af  SysTick_DeInit                
000008d9  __aeabi_memcpy                
000008d9  __aeabi_memcpy4               
000008d9  __aeabi_memcpy8               
000008d9  memcpy                        
00000975  __TI_decompress_lzss          
000009dd  __TI_auto_init_nobinit_nopinit
00000a21  _c_int00_noargs               
00000a55  __aeabi_lmul                  
00000a6d  __TI_decompress_none          
00000a7b  ResetISR                      
00000a87  _system_pre_init              
00000a8b  C$$EXIT                       
00000a8b  abort                         
00000a90  __TI_Handler_Table_Base       
00000a98  __TI_Handler_Table_Limit      
00000aa0  __TI_CINIT_Base               
00000aa8  __TI_CINIT_Limit              
20000000  __stack                       
20000000  __start___llvm_prf_cnts       
20000000  __stop___llvm_prf_cnts        
20000200  __STACK_END                   
20000200  __STACK_TOP                   
20000204  g_Counter                     
ffffffff  __TI_pprof_out_hndl           
ffffffff  __TI_prof_data_size           
ffffffff  __TI_prof_data_start          
ffffffff  __binit__                     
ffffffff  __c_args__                    
ffffffff  binit                         
UNDEFED   __mpu_init                    
UNDEFED   _system_post_cinit            

[53 symbols]
